Command: C:\Users\pprat\.espressif\python_env\idf5.5_py3.11_env\Scripts\python.exe C:\Users\pprat\esp\v5.5.1\esp-idf\tools/idf_monitor.py -p COM7 -b 115200 --toolchain-prefix xtensa-esp32s3-elf- --target esp32s3 --revision 0 C:\Users\pprat\Senior_Design\MicroGoggles\2_Heart_rate\max30102_esp32_oximeter-master\build\oximetro-hr.elf C:\Users\pprat\Senior_Design\MicroGoggles\2_Heart_rate\max30102_esp32_oximeter-master\build\bootloader\bootloader.elf --force-color -m 'C:\Users\pprat\.espressif\python_env\idf5.5_py3.11_env\Scripts\python.exe' 'C:\Users\pprat\esp\v5.5.1\esp-idf\tools\idf.py'
ESP-ROM:esp32s3-20210327
Build:Mar 27 2021
rst:0x1 (POWERON),boot:0x8 (SPI_FAST_FLASH_BOOT)
SPIWP:0xee
mode:DIO, clock div:1
load:0x3fce2820,len:0x158c
load:0x403c8700,len:0xd24
load:0x403cb700,len:0x2f34
entry 0x403c8924
[0;32mI (24) boot: ESP-IDF v5.5.1 2nd stage bootloader[0m
[0;32mI (25) boot: compile time Oct 15 2025 18:46:02[0m
[0;32mI (25) boot: Multicore bootloader[0m
[0;32mI (25) boot: chip revision: v0.2[0m
[0;32mI (28) boot: efuse block revision: v1.3[0m
[0;32mI (31) boot.esp32s3: Boot SPI Speed : 80MHz[0m
[0;32mI (35) boot.esp32s3: SPI Mode       : DIO[0m
[0;32mI (39) boot.esp32s3: SPI Flash Size : 2MB[0m
[0;32mI (43) boot: Enabling RNG early entropy source...[0m
[0;32mI (47) boot: Partition Table:[0m
[0;32mI (50) boot: ## Label            Usage          Type ST Offset   Length[0m
[0;32mI (56) boot:  0 nvs              WiFi data        01 02 00009000 00006000[0m
[0;32mI (63) boot:  1 phy_init         RF data          01 01 0000f000 00001000[0m
[0;32mI (69) boot:  2 factory          factory app      00 00 00010000 00100000[0m
[0;32mI (76) boot: End of partition table[0m
[0;32mI (79) esp_image: segment 0: paddr=00010020 vaddr=3c020020 size=0bf9ch ( 49052) map[0m
[0;32mI (95) esp_image: segment 1: paddr=0001bfc4 vaddr=3fc94100 size=02c00h ( 11264) load[0m
[0;32mI (98) esp_image: segment 2: paddr=0001ebcc vaddr=40374000 size=0144ch (  5196) load[0m
[0;32mI (102) esp_image: segment 3: paddr=00020020 vaddr=42000020 size=1def4h (122612) map[0m
[0;32mI (130) esp_image: segment 4: paddr=0003df1c vaddr=4037544c size=0ec28h ( 60456) load[0m
[0;32mI (144) esp_image: segment 5: paddr=0004cb4c vaddr=50000000 size=00020h (    32) load[0m
[0;32mI (150) boot: Loaded app from partition at offset 0x10000[0m
[0;32mI (150) boot: Disabling RNG early entropy source...[0m
[0;32mI (161) cpu_start: Multicore app[0m
[0;32mI (171) cpu_start: Pro cpu start user code[0m
[0;32mI (171) cpu_start: cpu freq: 160000000 Hz[0m
[0;32mI (171) app_init: Application information:[0m
[0;32mI (171) app_init: Project name:     oximetro-hr[0m
[0;32mI (175) app_init: App version:      513b76f-dirty[0m
[0;32mI (180) app_init: Compile time:     Oct 15 2025 18:45:52[0m
[0;32mI (185) app_init: ELF file SHA256:  9bb12d613...[0m
[0;32mI (189) app_init: ESP-IDF:          v5.5.1[0m
[0;32mI (193) efuse_init: Min chip rev:     v0.0[0m
[0;32mI (197) efuse_init: Max chip rev:     v0.99 [0m
[0;32mI (201) efuse_init: Chip rev:         v0.2[0m
[0;32mI (205) heap_init: Initializing. RAM available for dynamic allocation:[0m
[0;32mI (211) heap_init: At 3FC98218 len 000514F8 (325 KiB): RAM[0m
[0;32mI (216) heap_init: At 3FCE9710 len 00005724 (21 KiB): RAM[0m
[0;32mI (221) heap_init: At 3FCF0000 len 00008000 (32 KiB): DRAM[0m
[0;32mI (226) heap_init: At 600FE000 len 00001FE8 (7 KiB): RTCRAM[0m
[0;32mI (233) spi_flash: detected chip: generic[0m
[0;32mI (235) spi_flash: flash io: dio[0m
[0;33mW (238) spi_flash: Detected size(8192k) larger than the size in the binary image header(2048k). Using the size in the binary image header.[0m
[0;33mW (251) i2c: This driver is an old driver, please migrate your application code to adapt `driver/i2c_master.h`[0m
[0;32mI (260) sleep_gpio: Configure to isolate all GPIO pins in sleep state[0m
[0;32mI (267) sleep_gpio: Enable automatic switching of GPIO sleep configuration[0m
[0;32mI (274) main_task: Started on CPU0[0m
[0;32mI (284) main_task: Calling app_main()[0m
[0;32mI (284) MAIN: ===========================================[0m
[0;32mI (284) MAIN:   MAX30102 Heart Rate & SpO2 Monitor[0m
[0;32mI (294) MAIN: ===========================================[0m
[0;32mI (304) MAIN: âœ“ I2C initialized successfully[0m
[0;32mI (404) MAX30102: Part ID: 0x15 (expected 0x15)[0m
[0;32mI (404) MAX30102: Rev ID: 0x06[0m
[0;32mI (404) MAIN: âœ“ MAX30102 sensor detected![0m
[0;32mI (504) MAX30102: FIFO Config: OK[0m
[0;32mI (504) MAX30102: Mode Config: OK[0m
[0;32mI (504) MAX30102: SPO2 Config: OK[0m
[0;32mI (504) MAX30102: LED1 PA: OK[0m
[0;32mI (504) MAX30102: LED2 PA: OK[0m
[0;32mI (504) MAX30102: MAX30102 initialization complete[0m
[0;32mI (504) MAIN: [0m
[0;32mI (504) MAIN: System ready! Place your finger on the sensor...[0m
[0;32mI (514) MAIN: [0m
[0;32mI (514) main_task: Returned from app_main()[0m
R0 140838.781250
red_rms 162.960118
ir_rms 375.283893
Z 0.523655

Measurement #2              
Heart Rate:  136 bpm             
SpO2:         70.0%              
Temperature:  31.1Â°C             
Correlation:  0.977               

R0 96555.914062
red_rms 136.718689
ir_rms 310.733004
Z 0.532705

Measurement #3              
Heart Rate:   83 bpm             
SpO2:         70.0%              
Temperature:  31.4Â°C             
Correlation:  0.979               

R0 111881.320312
red_rms 139.427400
ir_rms 334.486173
Z 0.508293

Measurement #4              
Heart Rate:   83 bpm             
SpO2:         70.0%              
Temperature:  31.4Â°C             
Correlation:  0.982               

R0 314609.062500
[0;33mW (28584) MAIN: Poor signal quality - HR: 333, Correlation: 0.971[0m
[0;33mW (28584) MAIN:   â†’ Heart rate out of range. Adjust finger pressure.[0m
R0 98418.945312
[0;33mW (34314) MAIN: Poor signal quality - HR: 333, Correlation: 0.976[0m
[0;33mW (34314) MAIN:   â†’ Heart rate out of range. Adjust finger pressure.[0m
R0 18627845.984375
[0;33mW (40044) MAIN: Poor signal quality - HR: 333, Correlation: 0.936[0m
[0;33mW (40044) MAIN:   â†’ Heart rate out of range. Adjust finger pressure.[0m
[0;33mW (96244) MAIN: No finger detected. Please place finger firmly on sensor.[0m
[0;33mW (96244) MAIN: IR sample: 304 (need > 50000)[0m
[0;33mW (152444) MAIN: No finger detected. Please place finger firmly on sensor.[0m
[0;33mW (152444) MAIN: IR sample: 308 (need > 50000)[0m
