Command: C:\Users\pprat\.espressif\python_env\idf5.5_py3.11_env\Scripts\python.exe C:\Users\pprat\esp\v5.5.1\esp-idf\tools/idf_monitor.py -p COM7 -b 115200 --toolchain-prefix xtensa-esp32s3-elf- --target esp32s3 --revision 0 C:\Users\pprat\Senior_Design\MicroGoggles\Accelerometer\build\Accelerometer.elf C:\Users\pprat\Senior_Design\MicroGoggles\Accelerometer\build\bootloader\bootloader.elf --force-color -m 'C:\Users\pprat\.espressif\python_env\idf5.5_py3.11_env\Scripts\python.exe' 'C:\Users\pprat\esp\v5.5.1\esp-idf\tools\idf.py'
ESP-ROM:esp32s3-20210327
Build:Mar 27 2021
rst:0x1 (POWERON),boot:0x8 (SPI_FAST_FLASH_BOOT)
SPIWP:0xee
mode:DIO, clock div:1
load:0x3fce2820,len:0x158c
load:0x403c8700,len:0xd24
load:0x403cb700,len:0x2f34
entry 0x403c8924
[0;32mI (24) boot: ESP-IDF v5.5.1 2nd stage bootloader[0m
[0;32mI (25) boot: compile time Oct 14 2025 17:27:36[0m
[0;32mI (25) boot: Multicore bootloader[0m
[0;32mI (25) boot: chip revision: v0.2[0m
[0;32mI (28) boot: efuse block revision: v1.3[0m
[0;32mI (31) boot.esp32s3: Boot SPI Speed : 80MHz[0m
[0;32mI (35) boot.esp32s3: SPI Mode       : DIO[0m
[0;32mI (39) boot.esp32s3: SPI Flash Size : 2MB[0m
[0;32mI (43) boot: Enabling RNG early entropy source...[0m
[0;32mI (47) boot: Partition Table:[0m
[0;32mI (50) boot: ## Label            Usage          Type ST Offset   Length[0m
[0;32mI (56) boot:  0 nvs              WiFi data        01 02 00009000 00006000[0m
[0;32mI (63) boot:  1 phy_init         RF data          01 01 0000f000 00001000[0m
[0;32mI (69) boot:  2 factory          factory app      00 00 00010000 00100000[0m
[0;32mI (76) boot: End of partition table[0m
[0;32mI (79) esp_image: segment 0: paddr=00010020 vaddr=3c020020 size=0b6a4h ( 46756) map[0m
[0;32mI (95) esp_image: segment 1: paddr=0001b6cc vaddr=3fc93900 size=02b08h ( 11016) load[0m
[0;32mI (97) esp_image: segment 2: paddr=0001e1dc vaddr=40374000 size=01e3ch (  7740) load[0m
[0;32mI (103) esp_image: segment 3: paddr=00020020 vaddr=42000020 size=1a398h (107416) map[0m
[0;32mI (128) esp_image: segment 4: paddr=0003a3c0 vaddr=40375e3c size=0dab0h ( 55984) load[0m
[0;32mI (140) esp_image: segment 5: paddr=00047e78 vaddr=50000000 size=00020h (    32) load[0m
[0;32mI (146) boot: Loaded app from partition at offset 0x10000[0m
[0;32mI (147) boot: Disabling RNG early entropy source...[0m
[0;32mI (158) cpu_start: Multicore app[0m
[0;32mI (167) cpu_start: Pro cpu start user code[0m
[0;32mI (167) cpu_start: cpu freq: 160000000 Hz[0m
[0;32mI (167) app_init: Application information:[0m
[0;32mI (167) app_init: Project name:     Accelerometer[0m
[0;32mI (172) app_init: App version:      85934ec[0m
[0;32mI (176) app_init: Compile time:     Oct 14 2025 17:11:05[0m
[0;32mI (181) app_init: ELF file SHA256:  7de4f888e...[0m
[0;32mI (185) app_init: ESP-IDF:          v5.5.1[0m
[0;32mI (189) efuse_init: Min chip rev:     v0.0[0m
[0;32mI (193) efuse_init: Max chip rev:     v0.99 [0m
[0;32mI (197) efuse_init: Chip rev:         v0.2[0m
[0;32mI (201) heap_init: Initializing. RAM available for dynamic allocation:[0m
[0;32mI (207) heap_init: At 3FC96CF0 len 00052A20 (330 KiB): RAM[0m
[0;32mI (212) heap_init: At 3FCE9710 len 00005724 (21 KiB): RAM[0m
[0;32mI (217) heap_init: At 3FCF0000 len 00008000 (32 KiB): DRAM[0m
[0;32mI (222) heap_init: At 600FE000 len 00001FE8 (7 KiB): RTCRAM[0m
[0;32mI (229) spi_flash: detected chip: generic[0m
[0;32mI (231) spi_flash: flash io: dio[0m
[0;33mW (234) spi_flash: Detected size(8192k) larger than the size in the binary image header(2048k). Using the size in the binary image header.[0m
[0;33mW (246) i2c: This driver is an old driver, please migrate your application code to adapt `driver/i2c_master.h`[0m
[0;32mI (256) sleep_gpio: Configure to isolate all GPIO pins in sleep state[0m
[0;32mI (263) sleep_gpio: Enable automatic switching of GPIO sleep configuration[0m
[0;32mI (269) main_task: Started on CPU0[0m
[0;32mI (279) main_task: Calling app_main()[0m
[0;32mI (279) MAIN_APP: Initializing I2C...[0m
[0;32mI (279) MAIN_APP: Initializing LIS3DH...[0m
ESP_ERROR_CHECK failed: esp_err_t 0xffffffff (ESP_FAIL) at 0x42009116
file: "./main/i2c_basic_example_main.c" line 40
func: app_main
expression: lis3dh_init(I2C_MASTER_NUM)

abort() was called at PC 0x4037a62f on core 0


Backtrace: 0x4037a671:0x3fc99490 0x4037a639:0x3fc994b0 0x403811d9:0x3fc994d0 0x4037a62f:0x3fc99540 0x42009116:0x3fc99570 0x42019bd4:0x3fc995d0 0x4037b281:0x3fc99600




ELF file SHA256: 7de4f888e

Rebooting...
ï¿½ï¿½ï¿½ESP-ROM:esp32s3-20210327
Build:Mar 27 2021
rst:0xc (RTC_SW_CPU_RST),boot:0x8 (SPI_FAST_FLASH_BOOT)
Saved PC:0x4037a7c0
SPIWP:0xee
mode:DIO, clock div:1
load:0x3fce2820,len:0x158c
load:0x403c8700,len:0xd24
load:0x403cb700,len:0x2f34
entry 0x403c8924
[0;32mI (29) boot: ESP-IDF v5.5.1 2nd stage bootloader[0m
[0;32mI (29) boot: compile time Oct 14 2025 17:27:36[0m
[0;32mI (29) boot: Multicore bootloader[0m
[0;32mI (29) boot: chip revision: v0.2[0m
[0;32mI (32) boot: efuse block revision: v1.3[0m
[0;32mI (36) boot.esp32s3: Boot SPI Speed : 80MHz[0m
[0;32mI (40) boot.esp32s3: SPI Mode       : DIO[0m
[0;32mI (43) boot.esp32s3: SPI Flash Size : 2MB[0m
[0;32mI (47) boot: Enabling RNG early entropy source...[0m
[0;32mI (52) boot: Partition Table:[0m
[0;32mI (54) boot: ## Label            Usage          Type ST Offset   Length[0m
[0;32mI (60) boot:  0 nvs              WiFi data        01 02 00009000 00006000[0m
[0;32mI (67) boot:  1 phy_init         RF data          01 01 0000f000 00001000[0m
[0;32mI (73) boot:  2 factory          factory app      00 00 00010000 00100000[0m
[0;32mI (80) boot: End of partition table[0m
[0;32mI (83) esp_image: segment 0: paddr=00010020 vaddr=3c020020 size=0b6a4h ( 46756) map[0m
[0;32mI (99) esp_image: segment 1: paddr=0001b6cc vaddr=3fc93900 size=02b08h ( 11016) load[0m
[0;32mI (102) esp_image: segment 2: paddr=0001e1dc vaddr=40374000 size=01e3ch (  7740) load[0m
[0;32mI (107) esp_image: segment 3: paddr=00020020 vaddr=42000020 size=1a398h (107416) map[0m
[0;32mI (132) esp_image: segment 4: paddr=0003a3c0 vaddr=40375e3c size=0dab0h ( 55984) load[0m
[0;32mI (144) esp_image: segment 5: paddr=00047e78 vaddr=50000000 size=00020h (    32) load[0m
[0;32mI (151) boot: Loaded app from partition at offset 0x10000[0m
[0;32mI (151) boot: Disabling RNG early entropy source...[0m
[0;32mI (162) cpu_start: Multicore app[0m
[0;32mI (172) cpu_start: Pro cpu start user code[0m
[0;32mI (172) cpu_start: cpu freq: 160000000 Hz[0m
[0;32mI (172) app_init: Application information:[0m
[0;32mI (172) app_init: Project name:     Accelerometer[0m
[0;32mI (176) app_init: App version:      85934ec[0m
[0;32mI (180) app_init: Compile time:     Oct 14 2025 17:11:05[0m
[0;32mI (185) app_init: ELF file SHA256:  7de4f888e...[0m
[0;32mI (190) app_init: ESP-IDF:          v5.5.1[0m
[0;32mI (193) efuse_init: Min chip rev:     v0.0[0m
[0;32mI (197) efuse_init: Max chip rev:     v0.99 [0m
[0;32mI (201) efuse_init: Chip rev:         v0.2[0m
[0;32mI (205) heap_init: Initializing. RAM available for dynamic allocation:[0m
[0;32mI (211) heap_init: At 3FC96CF0 len 00052A20 (330 KiB): RAM[0m
[0;32mI (216) heap_init: At 3FCE9710 len 00005724 (21 KiB): RAM[0m
[0;32mI (222) heap_init: At 3FCF0000 len 00008000 (32 KiB): DRAM[0m
[0;32mI (227) heap_init: At 600FE000 len 00001FE8 (7 KiB): RTCRAM[0m
[0;32mI (233) spi_flash: detected chip: generic[0m
[0;32mI (236) spi_flash: flash io: dio[0m
[0;33mW (239) spi_flash: Detected size(8192k) larger than the size in the binary image header(2048k). Using the size in the binary image header.[0m
[0;33mW (251) i2c: This driver is an old driver, please migrate your application code to adapt `driver/i2c_master.h`[0m
[0;32mI (261) sleep_gpio: Configure to isolate all GPIO pins in sleep state[0m
[0;32mI (267) sleep_gpio: Enable automatic switching of GPIO sleep configuration[0m
[0;32mI (274) main_task: Started on CPU0[0m
[0;32mI (284) main_task: Calling app_main()[0m
[0;32mI (284) MAIN_APP: Initializing I2C...[0m
[0;32mI (284) MAIN_APP: Initializing LIS3DH...[0m
ESP_ERROR_CHECK failed: esp_err_t 0xffffffff (ESP_FAIL) at 0x42009116
file: "./main/i2c_basic_example_main.c" line 40
func: app_main
expression: lis3dh_init(I2C_MASTER_NUM)

abort() was called at PC 0x4037a62f on core 0


Backtrace: 0x4037a671:0x3fc99490 0x4037a639:0x3fc994b0 0x403811d9:0x3fc994d0 0x4037a62f:0x3fc99540 0x42009116:0x3fc99570 0x42019bd4:0x3fc995d0 0x4037b281:0x3fc99600




ELF file SHA256: 7de4f888e

Rebooting...
ESP-ROM:esp32s3-20210327
Build:Mar 27 2021
rst:0xc (RTC_SW_CPU_RST),boot:0x8 (SPI_FAST_FLASH_BOOT)
Saved PC:0x4037a7c0
SPIWP:0xee
mode:DIO, clock div:1
load:0x3fce2820,len:0x158c
load:0x403c8700,len:0xd24
load:0x403cb700,len:0x2f34
entry 0x403c8924
[0;32mI (29) boot: ESP-IDF v5.5.1 2nd stage bootloader[0m
[0;32mI (29) boot: compile time Oct 14 2025 17:27:36[0m
[0;32mI (29) boot: Multicore bootloader[0m
[0;32mI (29) boot: chip revision: v0.2[0m
[0;32mI (32) boot: efuse block revision: v1.3[0m
[0;32mI (36) boot.esp32s3: Boot SPI Speed : 80MHz[0m
[0;32mI (40) boot.esp32s3: SPI Mode       : DIO[0m
[0;32mI (43) boot.esp32s3: SPI Flash Size : 2MB[0m
[0;32mI (47) boot: Enabling RNG early entropy source...[0m
[0;32mI (52) boot: Partition Table:[0m
[0;32mI (54) boot: ## Label            Usage          Type ST Offset   Length[0m
[0;32mI (60) boot:  0 nvs              WiFi data        01 02 00009000 00006000[0m
[0;32mI (67) boot:  1 phy_init         RF data          01 01 0000f000 00001000[0m
[0;32mI (73) boot:  2 factory          factory app      00 00 00010000 00100000[0m
[0;32mI (80) boot: End of partition table[0m
[0;32mI (83) esp_image: segment 0: paddr=00010020 vaddr=3c020020 size=0b6a4h ( 46756) map[0m
[0;32mI (99) esp_image: segment 1: paddr=0001b6cc vaddr=3fc93900 size=02b08h ( 11016) load[0m
[0;32mI (102) esp_image: segment 2: paddr=0001e1dc vaddr=40374000 size=01e3ch (  7740) load[0m
[0;32mI (107) esp_image: segment 3: paddr=00020020 vaddr=42000020 size=1a398h (107416) map[0m
[0;32mI (132) esp_image: segment 4: paddr=0003a3c0 vaddr=40375e3c size=0dab0h ( 55984) load[0m
[0;32mI (144) esp_image: segment 5: paddr=00047e78 vaddr=50000000 size=00020h (    32) load[0m
[0;32mI (151) boot: Loaded app from partition at offset 0x10000[0m
[0;32mI (151) boot: Disabling RNG early entropy source...[0m
[0;32mI (162) cpu_start: Multicore app[0m
[0;32mI (172) cpu_start: Pro cpu start user code[0m
[0;32mI (172) cpu_start: cpu freq: 160000000 Hz[0m
[0;32mI (172) app_init: Application information:[0m
[0;32mI (172) app_init: Project name:     Accelerometer[0m
[0;32mI (176) app_init: App version:      85934ec[0m
[0;32mI (180) app_init: Compile time:     Oct 14 2025 17:11:05[0m
[0;32mI (185) app_init: ELF file SHA256:  7de4f888e...[0m
[0;32mI (190) app_init: ESP-IDF:          v5.5.1[0m
[0;32mI (193) efuse_init: Min chip rev:     v0.0[0m
[0;32mI (197) efuse_init: Max chip rev:     v0.99 [0m
[0;32mI (201) efuse_init: Chip rev:         v0.2[0m
[0;32mI (205) heap_init: Initializing. RAM available for dynamic allocation:[0m
[0;32mI (211) heap_init: At 3FC96CF0 len 00052A20 (330 KiB): RAM[0m
[0;32mI (216) heap_init: At 3FCE9710 len 00005724 (21 KiB): RAM[0m
[0;32mI (222) heap_init: At 3FCF0000 len 00008000 (32 KiB): DRAM[0m
[0;32mI (227) heap_init: At 600FE000 len 00001FE8 (7 KiB): RTCRAM[0m
[0;32mI (233) spi_flash: detected chip: generic[0m
[0;32mI (236) spi_flash: flash io: dio[0m
[0;33mW (239) spi_flash: Detected size(8192k) larger than the size in the binary image header(2048k). Using the size in the binary image header.[0m
[0;33mW (251) i2c: This driver is an old driver, please migrate your application code to adapt `driver/i2c_master.h`[0m
[0;32mI (261) sleep_gpio: Configure to isolate all GPIO pins in sleep state[0m
[0;32mI (267) sleep_gpio: Enable automatic switching of GPIO sleep configuration[0m
[0;32mI (274) main_task: Started on CPU0[0m
[0;32mI (284) main_task: Calling app_main()[0m
[0;32mI (284) MAIN_APP: Initializing I2C...[0m
[0;32mI (284) MAIN_APP: Initializing LIS3DH...[0m
ESP_ERROR_CHECK failed: esp_err_t 0xffffffff (ESP_FAIL) at 0x42009116
file: "./main/i2c_basic_example_main.c" line 40
func: app_main
expression: lis3dh_init(I2C_MASTER_NUM)

abort() was called at PC 0x4037a62f on core 0


Backtrace: 0x4037a671:0x3fc99490 0x4037a639:0x3fc994b0 0x403811d9:0x3fc994d0 0x4037a62f:0x3fc99540 0x42009116:0x3fc99570 0x42019bd4:0x3fc995d0 0x4037b281:0x3fc99600




ELF file SHA256: 7de4f888e

Rebooting...
ESP-ROM:esp32s3-20210327
Build:Mar 27 2021
rst:0xc (RTC_SW_CPU_RST),boot:0x8 (SPI_FAST_FLASH_BOOT)
Saved PC:0x4037a7c0
SPIWP:0xee
mode:DIO, clock div:1
load:0x3fce2820,len:0x158c
load:0x403c8700,len:0xd24
load:0x403cb700,len:0x2f34
entry 0x403c8924
[0;32mI (29) boot: ESP-IDF v5.5.1 2nd stage bootloader[0m
[0;32mI (29) boot: compile time Oct 14 2025 17:27:36[0m
[0;32mI (29) boot: Multicore bootloader[0m
[0;32mI (29) boot: chip revision: v0.2[0m
[0;32mI (32) boot: efuse block revision: v1.3[0m
[0;32mI (36) boot.esp32s3: Boot SPI Speed : 80MHz[0m
[0;32mI (40) boot.esp32s3: SPI Mode       : DIO[0m
[0;32mI (43) boot.esp32s3: SPI Flash Size : 2MB[0m
[0;32mI (47) boot: Enabling RNG early entropy source...[0m
[0;32mI (52) boot: Partition Table:[0m
[0;32mI (54) boot: ## Label            Usage          Type ST Offset   Length[0m
[0;32mI (60) boot:  0 nvs              WiFi data        01 02 00009000 00006000[0m
[0;32mI (67) boot:  1 phy_init         RF data          01 01 0000f000 00001000[0m
[0;32mI (73) boot:  2 factory          factory app      00 00 00010000 00100000[0m
[0;32mI (80) boot: End of partition table[0m
[0;32mI (83) esp_image: segment 0: paddr=00010020 vaddr=3c020020 size=0b6a4h ( 46756) map[0m
[0;32mI (99) esp_image: segment 1: paddr=0001b6cc vaddr=3fc93900 size=02b08h ( 11016) load[0m
[0;32mI (102) esp_image: segment 2: paddr=0001e1dc vaddr=40374000 size=01e3ch (  7740) load[0m
[0;32mI (107) esp_image: segment 3: paddr=00020020 vaddr=42000020 size=1a398h (107416) map[0m
[0;32mI (132) esp_image: segment 4: paddr=0003a3c0 vaddr=40375e3c size=0dab0h ( 55984) load[0m
[0;32mI (144) esp_image: segment 5: paddr=00047e78 vaddr=50000000 size=00020h (    32) load[0m
[0;32mI (151) boot: Loaded app from partition at offset 0x10000[0m
[0;32mI (151) boot: Disabling RNG early entropy source...[0m
[0;32mI (162) cpu_start: Multicore app[0m
[0;32mI (172) cpu_start: Pro cpu start user code[0m
[0;32mI (172) cpu_start: cpu freq: 160000000 Hz[0m
[0;32mI (172) app_init: Application information:[0m
[0;32mI (172) app_init: Project name:     Accelerometer[0m
[0;32mI (176) app_init: App version:      85934ec[0m
[0;32mI (180) app_init: Compile time:     Oct 14 2025 17:11:05[0m
[0;32mI (185) app_init: ELF file SHA256:  7de4f888e...[0m
[0;32mI (190) app_init: ESP-IDF:          v5.5.1[0m
[0;32mI (193) efuse_init: Min chip rev:     v0.0[0m
[0;32mI (197) efuse_init: Max chip rev:     v0.99 [0m
[0;32mI (201) efuse_init: Chip rev:         v0.2[0m
[0;32mI (205) heap_init: Initializing. RAM available for dynamic allocation:[0m
[0;32mI (211) heap_init: At 3FC96CF0 len 00052A20 (330 KiB): RAM[0m
[0;32mI (216) heap_init: At 3FCE9710 len 00005724 (21 KiB): RAM[0m
[0;32mI (222) heap_init: At 3FCF0000 len 00008000 (32 KiB): DRAM[0m
[0;32mI (227) heap_init: At 600FE000 len 00001FE8 (7 KiB): RTCRAM[0m
[0;32mI (233) spi_flash: detected chip: generic[0m
[0;32mI (236) spi_flash: flash io: dio[0m
[0;33mW (239) spi_flash: Detected size(8192k) larger than the size in the binary image header(2048k). Using the size in the binary image header.[0m
[0;33mW (251) i2c: This driver is an old driver, please migrate your application code to adapt `driver/i2c_master.h`[0m
[0;32mI (261) sleep_gpio: Configure to isolate all GPIO pins in sleep state[0m
[0;32mI (267) sleep_gpio: Enable automatic switching of GPIO sleep configuration[0m
[0;32mI (274) main_task: Started on CPU0[0m
[0;32mI (284) main_task: Calling app_main()[0m
[0;32mI (284) MAIN_APP: Initializing I2C...[0m
[0;32mI (284) MAIN_APP: Initializing LIS3DH...[0m
ESP_ERROR_CHECK failed: esp_err_t 0xffffffff (ESP_FAIL) at 0x42009116
file: "./main/i2c_basic_example_main.c" line 40
func: app_main
expression: lis3dh_init(I2C_MASTER_NUM)

abort() was called at PC 0x4037a62f on core 0


Backtrace: 0x4037a671:0x3fc99490 0x4037a639:0x3fc994b0 0x403811d9:0x3fc994d0 0x4037a62f:0x3fc99540 0x42009116:0x3fc99570 0x42019bd4:0x3fc995d0 0x4037b281:0x3fc99600




ELF file SHA256: 7de4f888e

Rebooting...
ESP-ROM:esp32s3-20210327
Build:Mar 27 2021
rst:0xc (RTC_SW_CPU_RST),boot:0x8 (SPI_FAST_FLASH_BOOT)
Saved PC:0x4037a7c0
SPIWP:0xee
mode:DIO, clock div:1
load:0x3fce2820,len:0x158c
load:0x403c8700,len:0xd24
load:0x403cb700,len:0x2f34
entry 0x403c8924
[0;32mI (29) boot: ESP-IDF v5.5.1 2nd stage bootloader[0m
[0;32mI (29) boot: compile time Oct 14 2025 17:27:36[0m
[0;32mI (29) boot: Multicore bootloader[0m
[0;32mI (29) boot: chip revision: v0.2[0m
[0;32mI (32) boot: efuse block revision: v1.3[0m
[0;32mI (36) boot.esp32s3: Boot SPI Speed : 80MHz[0m
[0;32mI (40) boot.esp32s3: SPI Mode       : DIO[0m
[0;32mI (43) boot.esp32s3: SPI Flash Size : 2MB[0m
[0;32mI (47) boot: Enabling RNG early entropy source...[0m
[0;32mI (52) boot: Partition Table:[0m
[0;32mI (54) boot: ## Label            Usage          Type ST Offset   Length[0m
[0;32mI (60) boot:  0 nvs              WiFi data        01 02 00009000 00006000[0m
[0;32mI (67) boot:  1 phy_init         RF data          01 01 0000f000 00001000[0m
[0;32mI (73) boot:  2 factory          factory app      00 00 00010000 00100000[0m
[0;32mI (80) boot: End of partition table[0m
[0;32mI (83) esp_image: segment 0: paddr=00010020 vaddr=3c020020 size=0b6a4h ( 46756) map[0m
[0;32mI (99) esp_image: segment 1: paddr=0001b6cc vaddr=3fc93900 size=02b08h ( 11016) load[0m
[0;32mI (102) esp_image: segment 2: paddr=0001e1dc vaddr=40374000 size=01e3ch (  7740) load[0m
[0;32mI (107) esp_image: segment 3: paddr=00020020 vaddr=42000020 size=1a398h (107416) map[0m
[0;32mI (132) esp_image: segment 4: paddr=0003a3c0 vaddr=40375e3c size=0dab0h ( 55984) load[0m
[0;32mI (144) esp_image: segment 5: paddr=00047e78 vaddr=50000000 size=00020h (    32) load[0m
[0;32mI (151) boot: Loaded app from partition at offset 0x10000[0m
[0;32mI (151) boot: Disabling RNG early entropy source...[0m
[0;32mI (162) cpu_start: Multicore app[0m
[0;32mI (172) cpu_start: Pro cpu start user code[0m
[0;32mI (172) cpu_start: cpu freq: 160000000 Hz[0m
[0;32mI (172) app_init: Application information:[0m
[0;32mI (172) app_init: Project name:     Accelerometer[0m
[0;32mI (176) app_init: App version:      85934ec[0m
[0;32mI (180) app_init: Compile time:     Oct 14 2025 17:11:05[0m
[0;32mI (185) app_init: ELF file SHA256:  7de4f888e...[0m
[0;32mI (190) app_init: ESP-IDF:          v5.5.1[0m
[0;32mI (193) efuse_init: Min chip rev:     v0.0[0m
[0;32mI (197) efuse_init: Max chip rev:     v0.99 [0m
[0;32mI (201) efuse_init: Chip rev:         v0.2[0m
[0;32mI (205) heap_init: Initializing. RAM available for dynamic allocation:[0m
[0;32mI (211) heap_init: At 3FC96CF0 len 00052A20 (330 KiB): RAM[0m
[0;32mI (216) heap_init: At 3FCE9710 len 00005724 (21 KiB): RAM[0m
[0;32mI (222) heap_init: At 3FCF0000 len 00008000 (32 KiB): DRAM[0m
[0;32mI (227) heap_init: At 600FE000 len 00001FE8 (7 KiB): RTCRAM[0m
[0;32mI (233) spi_flash: detected chip: generic[0m
[0;32mI (236) spi_flash: flash io: dio[0m
[0;33mW (239) spi_flash: Detected size(8192k) larger than the size in the binary image header(2048k). Using the size in the binary image header.[0m
[0;33mW (251) i2c: This driver is an old driver, please migrate your application code to adapt `driver/i2c_master.h`[0m
[0;32mI (261) sleep_gpio: Configure to isolate all GPIO pins in sleep state[0m
[0;32mI (267) sleep_gpio: Enable automatic switching of GPIO sleep configuration[0m
[0;32mI (274) main_task: Started on CPU0[0m
[0;32mI (284) main_task: Calling app_main()[0m
[0;32mI (284) MAIN_APP: Initializing I2C...[0m
[0;32mI (284) MAIN_APP: Initializing LIS3DH...[0m
ESP_ERROR_CHECK failed: esp_err_t 0xffffffff (ESP_FAIL) at 0x42009116
file: "./main/i2c_basic_example_main.c" line 40
func: app_main
expression: lis3dh_init(I2C_MASTER_NUM)

abort() was called at PC 0x4037a62f on core 0


Backtrace: 0x4037a671:0x3fc99490 0x4037a639:0x3fc994b0 0x403811d9:0x3fc994d0 0x4037a62f:0x3fc99540 0x42009116:0x3fc99570 0x42019bd4:0x3fc995d0 0x4037b281:0x3fc99600




ELF file SHA256: 7de4f888e

Rebooting...
ESP-ROM:esp32s3-20210327
Build:Mar 27 2021
rst:0xc (RTC_SW_CPU_RST),boot:0x8 (SPI_FAST_FLASH_BOOT)
Saved PC:0x4037a7c0
SPIWP:0xee
mode:DIO, clock div:1
load:0x3fce2820,len:0x158c
load:0x403c8700,len:0xd24
load:0x403cb700,len:0x2f34
entry 0x403c8924
[0;32mI (29) boot: ESP-IDF v5.5.1 2nd stage bootloader[0m
[0;32mI (29) boot: compile time Oct 14 2025 17:27:36[0m
[0;32mI (29) boot: Multicore bootloader[0m
[0;32mI (29) boot: chip revision: v0.2[0m
[0;32mI (32) boot: efuse block revision: v1.3[0m
[0;32mI (36) boot.esp32s3: Boot SPI Speed : 80MHz[0m
[0;32mI (40) boot.esp32s3: SPI Mode       : DIO[0m
[0;32mI (43) boot.esp32s3: SPI Flash Size : 2MB[0m
[0;32mI (47) boot: Enabling RNG early entropy source...[0m
[0;32mI (52) boot: Partition Table:[0m
[0;32mI (54) boot: ## Label            Usage          Type ST Offset   Length[0m
[0;32mI (60) boot:  0 nvs              WiFi data        01 02 00009000 00006000[0m
[0;32mI (67) boot:  1 phy_init         RF data          01 01 0000f000 00001000[0m
[0;32mI (73) boot:  2 factory          factory app      00 00 00010000 00100000[0m
[0;32mI (80) boot: End of partition table[0m
[0;32mI (83) esp_image: segment 0: paddr=00010020 vaddr=3c020020 size=0b6a4h ( 46756) map[0m
[0;32mI (99) esp_image: segment 1: paddr=0001b6cc vaddr=3fc93900 size=02b08h ( 11016) load[0m
[0;32mI (102) esp_image: segment 2: paddr=0001e1dc vaddr=40374000 size=01e3ch (  7740) load[0m
[0;32mI (107) esp_image: segment 3: paddr=00020020 vaddr=42000020 size=1a398h (107416) map[0m
[0;32mI (132) esp_image: segment 4: paddr=0003a3c0 vaddr=40375e3c size=0dab0h ( 55984) load[0m
[0;32mI (144) esp_image: segment 5: paddr=00047e78 vaddr=50000000 size=00020h (    32) load[0m
[0;32mI (151) boot: Loaded app from partition at offset 0x10000[0m
[0;32mI (151) boot: Disabling RNG early entropy source...[0m
[0;32mI (162) cpu_start: Multicore app[0m
[0;32mI (172) cpu_start: Pro cpu start user code[0m
[0;32mI (172) cpu_start: cpu freq: 160000000 Hz[0m
[0;32mI (172) app_init: Application information:[0m
[0;32mI (172) app_init: Project name:     Accelerometer[0m
[0;32mI (176) app_init: App version:      85934ec[0m
[0;32mI (180) app_init: Compile time:     Oct 14 2025 17:11:05[0m
[0;32mI (185) app_init: ELF file SHA256:  7de4f888e...[0m
[0;32mI (190) app_init: ESP-IDF:          v5.5.1[0m
[0;32mI (193) efuse_init: Min chip rev:     v0.0[0m
[0;32mI (197) efuse_init: Max chip rev:     v0.99 [0m
[0;32mI (201) efuse_init: Chip rev:         v0.2[0m
[0;32mI (205) heap_init: Initializing. RAM available for dynamic allocation:[0m
[0;32mI (211) heap_init: At 3FC96CF0 len 00052A20 (330 KiB): RAM[0m
[0;32mI (216) heap_init: At 3FCE9710 len 00005724 (21 KiB): RAM[0m
[0;32mI (222) heap_init: At 3FCF0000 len 00008000 (32 KiB): DRAM[0m
[0;32mI (227) heap_init: At 600FE000 len 00001FE8 (7 KiB): RTCRAM[0m
[0;32mI (233) spi_flash: detected chip: generic[0m
[0;32mI (236) spi_flash: flash io: dio[0m
[0;33mW (239) spi_flash: Detected size(8192k) larger than the size in the binary image header(2048k). Using the size in the binary image header.[0m
[0;33mW (251) i2c: This driver is an old driver, please migrate your application code to adapt `driver/i2c_master.h`[0m
[0;32mI (261) sleep_gpio: Configure to isolate all GPIO pins in sleep state[0m
[0;32mI (267) sleep_gpio: Enable automatic switching of GPIO sleep configuration[0m
[0;32mI (274) main_task: Started on CPU0[0m
[0;32mI (284) main_task: Calling app_main()[0m
[0;32mI (284) MAIN_APP: Initializing I2C...[0m
[0;32mI (284) MAIN_APP: Initializing LIS3DH...[0m
ESP_ERROR_CHECK failed: esp_err_t 0xffffffff (ESP_FAIL) at 0x42009116
file: "./main/i2c_basic_example_main.c" line 40
func: app_main
expression: lis3dh_init(I2C_MASTER_NUM)

abort() was called at PC 0x4037a62f on core 0


Backtrace: 0x4037a671:0x3fc99490 0x4037a639:0x3fc994b0 0x403811d9:0x3fc994d0 0x4037a62f:0x3fc99540 0x42009116:0x3fc99570 0x42019bd4:0x3fc995d0 0x4037b281:0x3fc99600




ELF file SHA256: 7de4f888e

Rebooting...
ESP-ROM:esp32s3-20210327
Build:Mar 27 2021
rst:0xc (RTC_SW_CPU_RST),boot:0x8 (SPI_FAST_FLASH_BOOT)
Saved PC:0x4037a7c0
SPIWP:0xee
mode:DIO, clock div:1
load:0x3fce2820,len:0x158c
load:0x403c8700,len:0xd24
load:0x403cb700,len:0x2f34
entry 0x403c8924
[0;32mI (29) boot: ESP-IDF v5.5.1 2nd stage bootloader[0m
[0;32mI (29) boot: compile time Oct 14 2025 17:27:36[0m
[0;32mI (29) boot: Multicore bootloader[0m
[0;32mI (29) boot: chip revision: v0.2[0m
[0;32mI (32) boot: efuse block revision: v1.3[0m
[0;32mI (36) boot.esp32s3: Boot SPI Speed : 80MHz[0m
[0;32mI (40) boot.esp32s3: SPI Mode       : DIO[0m
[0;32mI (43) boot.esp32s3: SPI Flash Size : 2MB[0m
[0;32mI (47) boot: Enabling RNG early entropy source...[0m
[0;32mI (52) boot: Partition Table:[0m
[0;32mI (54) boot: ## Label            Usage          Type ST Offset   Length[0m
[0;32mI (60) boot:  0 nvs              WiFi data        01 02 00009000 00006000[0m
[0;32mI (67) boot:  1 phy_init         RF data          01 01 0000f000 00001000[0m
[0;32mI (73) boot:  2 factory          factory app      00 00 00010000 00100000[0m
[0;32mI (80) boot: End of partition table[0m
[0;32mI (83) esp_image: segment 0: paddr=00010020 vaddr=3c020020 size=0b6a4h ( 46756) map[0m
[0;32mI (99) esp_image: segment 1: paddr=0001b6cc vaddr=3fc93900 size=02b08h ( 11016) load[0m
[0;32mI (102) esp_image: segment 2: paddr=0001e1dc vaddr=40374000 size=01e3ch (  7740) load[0m
[0;32mI (107) esp_image: segment 3: paddr=00020020 vaddr=42000020 size=1a398h (107416) map[0m
[0;32mI (132) esp_image: segment 4: paddr=0003a3c0 vaddr=40375e3c size=0dab0h ( 55984) load[0m
[0;32mI (144) esp_image: segment 5: paddr=00047e78 vaddr=50000000 size=00020h (    32) load[0m
[0;32mI (151) boot: Loaded app from partition at offset 0x10000[0m
[0;32mI (151) boot: Disabling RNG early entropy source...[0m
[0;32mI (162) cpu_start: Multicore app[0m
[0;32mI (172) cpu_start: Pro cpu start user code[0m
[0;32mI (172) cpu_start: cpu freq: 160000000 Hz[0m
[0;32mI (172) app_init: Application information:[0m
[0;32mI (172) app_init: Project name:     Accelerometer[0m
[0;32mI (176) app_init: App version:      85934ec[0m
[0;32mI (180) app_init: Compile time:     Oct 14 2025 17:11:05[0m
[0;32mI (185) app_init: ELF file SHA256:  7de4f888e...[0m
[0;32mI (190) app_init: ESP-IDF:          v5.5.1[0m
[0;32mI (193) efuse_init: Min chip rev:     v0.0[0m
[0;32mI (197) efuse_init: Max chip rev:     v0.99 [0m
[0;32mI (201) efuse_init: Chip rev:         v0.2[0m
[0;32mI (205) heap_init: Initializing. RAM available for dynamic allocation:[0m
[0;32mI (211) heap_init: At 3FC96CF0 len 00052A20 (330 KiB): RAM[0m
[0;32mI (216) heap_init: At 3FCE9710 len 00005724 (21 KiB): RAM[0m
[0;32mI (222) heap_init: At 3FCF0000 len 00008000 (32 KiB): DRAM[0m
[0;32mI (227) heap_init: At 600FE000 len 00001FE8 (7 KiB): RTCRAM[0m
[0;32mI (233) spi_flash: detected chip: generic[0m
[0;32mI (236) spi_flash: flash io: dio[0m
[0;33mW (239) spi_flash: Detected size(8192k) larger than the size in the binary image header(2048k). Using the size in the binary image header.[0m
[0;33mW (251) i2c: This driver is an old driver, please migrate your application code to adapt `driver/i2c_master.h`[0m
[0;32mI (261) sleep_gpio: Configure to isolate all GPIO pins in sleep state[0m
[0;32mI (267) sleep_gpio: Enable automatic switching of GPIO sleep configuration[0m
[0;32mI (274) main_task: Started on CPU0[0m
[0;32mI (284) main_task: Calling app_main()[0m
[0;32mI (284) MAIN_APP: Initializing I2C...[0m
[0;32mI (284) MAIN_APP: Initializing LIS3DH...[0m
ESP_ERROR_CHECK failed: esp_err_t 0xffffffff (ESP_FAIL) at 0x42009116
file: "./main/i2c_basic_example_main.c" line 40
func: app_main
expression: lis3dh_init(I2C_MASTER_NUM)

abort() was called at PC 0x4037a62f on core 0


Backtrace: 0x4037a671:0x3fc99490 0x4037a639:0x3fc994b0 0x403811d9:0x3fc994d0 0x4037a62f:0x3fc99540 0x42009116:0x3fc99570 0x42019bd4:0x3fc995d0 0x4037b281:0x3fc99600




ELF file SHA256: 7de4f888e

Rebooting...
ESP-ROM:esp32s3-20210327
Build:Mar 27 2021
rst:0xc (RTC_SW_CPU_RST),boot:0x8 (SPI_FAST_FLASH_BOOT)
Saved PC:0x4037a7c0
SPIWP:0xee
mode:DIO, clock div:1
load:0x3fce2820,len:0x158c
load:0x403c8700,len:0xd24
load:0x403cb700,len:0x2f34
entry 0x403c8924
[0;32mI (29) boot: ESP-IDF v5.5.1 2nd stage bootloader[0m
[0;32mI (29) boot: compile time Oct 14 2025 17:27:36[0m
[0;32mI (29) boot: Multicore bootloader[0m
[0;32mI (29) boot: chip revision: v0.2[0m
[0;32mI (32) boot: efuse block revision: v1.3[0m
[0;32mI (36) boot.esp32s3: Boot SPI Speed : 80MHz[0m
[0;32mI (40) boot.esp32s3: SPI Mode       : DIO[0m
[0;32mI (43) boot.esp32s3: SPI Flash Size : 2MB[0m
[0;32mI (47) boot: Enabling RNG early entropy source...[0m
[0;32mI (52) boot: Partition Table:[0m
[0;32mI (54) boot: ## Label            Usage          Type ST Offset   Length[0m
[0;32mI (60) boot:  0 nvs              WiFi data        01 02 00009000 00006000[0m
[0;32mI (67) boot:  1 phy_init         RF data          01 01 0000f000 00001000[0m
[0;32mI (73) boot:  2 factory          factory app      00 00 00010000 00100000[0m
[0;32mI (80) boot: End of partition table[0m
[0;32mI (83) esp_image: segment 0: paddr=00010020 vaddr=3c020020 size=0b6a4h ( 46756) map[0m
[0;32mI (99) esp_image: segment 1: paddr=0001b6cc vaddr=3fc93900 size=02b08h ( 11016) load[0m
[0;32mI (102) esp_image: segment 2: paddr=0001e1dc vaddr=40374000 size=01e3ch (  7740) load[0m
[0;32mI (107) esp_image: segment 3: paddr=00020020 vaddr=42000020 size=1a398h (107416) map[0m
[0;32mI (132) esp_image: segment 4: paddr=0003a3c0 vaddr=40375e3c size=0dab0h ( 55984) load[0m
[0;32mI (144) esp_image: segment 5: paddr=00047e78 vaddr=50000000 size=00020h (    32) load[0m
[0;32mI (151) boot: Loaded app from partition at offset 0x10000[0m
[0;32mI (151) boot: Disabling RNG early entropy source...[0m
[0;32mI (162) cpu_start: Multicore app[0m
[0;32mI (172) cpu_start: Pro cpu start user code[0m
[0;32mI (172) cpu_start: cpu freq: 160000000 Hz[0m
[0;32mI (172) app_init: Application information:[0m
[0;32mI (172) app_init: Project name:     Accelerometer[0m
[0;32mI (176) app_init: App version:      85934ec[0m
[0;32mI (180) app_init: Compile time:     Oct 14 2025 17:11:05[0m
[0;32mI (185) app_init: ELF file SHA256:  7de4f888e...[0m
[0;32mI (190) app_init: ESP-IDF:          v5.5.1[0m
[0;32mI (193) efuse_init: Min chip rev:     v0.0[0m
[0;32mI (197) efuse_init: Max chip rev:     v0.99 [0m
[0;32mI (201) efuse_init: Chip rev:         v0.2[0m
[0;32mI (205) heap_init: Initializing. RAM available for dynamic allocation:[0m
[0;32mI (211) heap_init: At 3FC96CF0 len 00052A20 (330 KiB): RAM[0m
[0;32mI (216) heap_init: At 3FCE9710 len 00005724 (21 KiB): RAM[0m
[0;32mI (222) heap_init: At 3FCF0000 len 00008000 (32 KiB): DRAM[0m
[0;32mI (227) heap_init: At 600FE000 len 00001FE8 (7 KiB): RTCRAM[0m
[0;32mI (233) spi_flash: detected chip: generic[0m
[0;32mI (236) spi_flash: flash io: dio[0m
[0;33mW (239) spi_flash: Detected size(8192k) larger than the size in the binary image header(2048k). Using the size in the binary image header.[0m
[0;33mW (251) i2c: This driver is an old driver, please migrate your application code to adapt `driver/i2c_master.h`[0m
[0;32mI (261) sleep_gpio: Configure to isolate all GPIO pins in sleep state[0m
[0;32mI (267) sleep_gpio: Enable automatic switching of GPIO sleep configuration[0m
[0;32mI (274) main_task: Started on CPU0[0m
[0;32mI (284) main_task: Calling app_main()[0m
[0;32mI (284) MAIN_APP: Initializing I2C...[0m
[0;32mI (284) MAIN_APP: Initializing LIS3DH...[0m
ESP_ERROR_CHECK failed: esp_err_t 0xffffffff (ESP_FAIL) at 0x42009116
file: "./main/i2c_basic_example_main.c" line 40
func: app_main
expression: lis3dh_init(I2C_MASTER_NUM)

abort() was called at PC 0x4037a62f on core 0


Backtrace: 0x4037a671:0x3fc99490 0x4037a639:0x3fc994b0 0x403811d9:0x3fc994d0 0x4037a62f:0x3fc99540 0x42009116:0x3fc99570 0x42019bd4:0x3fc995d0 0x4037b281:0x3fc99600




ELF file SHA256: 7de4f888e

Rebooting...
ESP-ROM:esp32s3-20210327
Build:Mar 27 2021
rst:0xc (RTC_SW_CPU_RST),boot:0x8 (SPI_FAST_FLASH_BOOT)
Saved PC:0x4037a7c0
SPIWP:0xee
mode:DIO, clock div:1
load:0x3fce2820,len:0x158c
load:0x403c8700,len:0xd24
load:0x403cb700,len:0x2f34
entry 0x403c8924
[0;32mI (29) boot: ESP-IDF v5.5.1 2nd stage bootloader[0m
[0;32mI (29) boot: compile time Oct 14 2025 17:27:36[0m
[0;32mI (29) boot: Multicore bootloader[0m
[0;32mI (29) boot: chip revision: v0.2[0m
[0;32mI (32) boot: efuse block revision: v1.3[0m
[0;32mI (36) boot.esp32s3: Boot SPI Speed : 80MHz[0m
[0;32mI (40) boot.esp32s3: SPI Mode       : DIO[0m
[0;32mI (43) boot.esp32s3: SPI Flash Size : 2MB[0m
[0;32mI (47) boot: Enabling RNG early entropy source...[0m
[0;32mI (52) boot: Partition Table:[0m
[0;32mI (54) boot: ## Label            Usage          Type ST Offset   Length[0m
[0;32mI (60) boot:  0 nvs              WiFi data        01 02 00009000 00006000[0m
[0;32mI (67) boot:  1 phy_init         RF data          01 01 0000f000 00001000[0m
[0;32mI (73) boot:  2 factory          factory app      00 00 00010000 00100000[0m
[0;32mI (80) boot: End of partition table[0m
[0;32mI (83) esp_image: segment 0: paddr=00010020 vaddr=3c020020 size=0b6a4h ( 46756) map[0m
[0;32mI (99) esp_image: segment 1: paddr=0001b6cc vaddr=3fc93900 size=02b08h ( 11016) load[0m
[0;32mI (102) esp_image: segment 2: paddr=0001e1dc vaddr=40374000 size=01e3ch (  7740) load[0m
[0;32mI (107) esp_image: segment 3: paddr=00020020 vaddr=42000020 size=1a398h (107416) map[0m
[0;32mI (132) esp_image: segment 4: paddr=0003a3c0 vaddr=40375e3c size=0dab0h ( 55984) load[0m
[0;32mI (144) esp_image: segment 5: paddr=00047e78 vaddr=50000000 size=00020h (    32) load[0m
[0;32mI (151) boot: Loaded app from partition at offset 0x10000[0m
[0;32mI (151) boot: Disabling RNG early entropy source...[0m
[0;32mI (162) cpu_start: Multicore app[0m
[0;32mI (172) cpu_start: Pro cpu start user code[0m
[0;32mI (172) cpu_start: cpu freq: 160000000 Hz[0m
[0;32mI (172) app_init: Application information:[0m
[0;32mI (172) app_init: Project name:     Accelerometer[0m
[0;32mI (176) app_init: App version:      85934ec[0m
[0;32mI (180) app_init: Compile time:     Oct 14 2025 17:11:05[0m
[0;32mI (185) app_init: ELF file SHA256:  7de4f888e...[0m
[0;32mI (190) app_init: ESP-IDF:          v5.5.1[0m
[0;32mI (193) efuse_init: Min chip rev:     v0.0[0m
[0;32mI (197) efuse_init: Max chip rev:     v0.99 [0m
[0;32mI (201) efuse_init: Chip rev:         v0.2[0m
[0;32mI (205) heap_init: Initializing. RAM available for dynamic allocation:[0m
[0;32mI (211) heap_init: At 3FC96CF0 len 00052A20 (330 KiB): RAM[0m
[0;32mI (216) heap_init: At 3FCE9710 len 00005724 (21 KiB): RAM[0m
[0;32mI (222) heap_init: At 3FCF0000 len 00008000 (32 KiB): DRAM[0m
[0;32mI (227) heap_init: At 600FE000 len 00001FE8 (7 KiB): RTCRAM[0m
[0;32mI (233) spi_flash: detected chip: generic[0m
[0;32mI (236) spi_flash: flash io: dio[0m
[0;33mW (239) spi_flash: Detected size(8192k) larger than the size in the binary image header(2048k). Using the size in the binary image header.[0m
[0;33mW (251) i2c: This driver is an old driver, please migrate your application code to adapt `driver/i2c_master.h`[0m
[0;32mI (261) sleep_gpio: Configure to isolate all GPIO pins in sleep state[0m
[0;32mI (267) sleep_gpio: Enable automatic switching of GPIO sleep configuration[0m
[0;32mI (274) main_task: Started on CPU0[0m
[0;32mI (284) main_task: Calling app_main()[0m
[0;32mI (284) MAIN_APP: Initializing I2C...[0m
[0;32mI (284) MAIN_APP: Initializing LIS3DH...[0m
ESP_ERROR_CHECK failed: esp_err_t 0xffffffff (ESP_FAIL) at 0x42009116
file: "./main/i2c_basic_example_main.c" line 40
func: app_main
expression: lis3dh_init(I2C_MASTER_NUM)

abort() was called at PC 0x4037a62f on core 0


Backtrace: 0x4037a671:0x3fc99490 0x4037a639:0x3fc994b0 0x403811d9:0x3fc994d0 0x4037a62f:0x3fc99540 0x42009116:0x3fc99570 0x42019bd4:0x3fc995d0 0x4037b281:0x3fc99600




ELF file SHA256: 7de4f888e

Rebooting...
ESP-ROM:esp32s3-20210327
Build:Mar 27 2021
rst:0xc (RTC_SW_CPU_RST),boot:0x8 (SPI_FAST_FLASH_BOOT)
Saved PC:0x4037a7c0
SPIWP:0xee
mode:DIO, clock div:1
load:0x3fce2820,len:0x158c
load:0x403c8700,len:0xd24
load:0x403cb700,len:0x2f34
entry 0x403c8924
[0;32mI (29) boot: ESP-IDF v5.5.1 2nd stage bootloader[0m
[0;32mI (29) boot: compile time Oct 14 2025 17:27:36[0m
[0;32mI (29) boot: Multicore bootloader[0m
[0;32mI (29) boot: chip revision: v0.2[0m
[0;32mI (32) boot: efuse block revision: v1.3[0m
[0;32mI (36) boot.esp32s3: Boot SPI Speed : 80MHz[0m
[0;32mI (40) boot.esp32s3: SPI Mode       : DIO[0m
[0;32mI (43) boot.esp32s3: SPI Flash Size : 2MB[0m
[0;32mI (47) boot: Enabling RNG early entropy source...[0m
[0;32mI (52) boot: Partition Table:[0m
[0;32mI (54) boot: ## Label            Usage          Type ST Offset   Length[0m
[0;32mI (60) boot:  0 nvs              WiFi data        01 02 00009000 00006000[0m
[0;32mI (67) boot:  1 phy_init         RF data          01 01 0000f000 00001000[0m
[0;32mI (73) boot:  2 factory          factory app      00 00 00010000 00100000[0m
[0;32mI (80) boot: End of partition table[0m
[0;32mI (83) esp_image: segment 0: paddr=00010020 vaddr=3c020020 size=0b6a4h ( 46756) map[0m
[0;32mI (99) esp_image: segment 1: paddr=0001b6cc vaddr=3fc93900 size=02b08h ( 11016) load[0m
[0;32mI (102) esp_image: segment 2: paddr=0001e1dc vaddr=40374000 size=01e3ch (  7740) load[0m
[0;32mI (107) esp_image: segment 3: paddr=00020020 vaddr=42000020 size=1a398h (107416) map[0m
[0;32mI (132) esp_image: segment 4: paddr=0003a3c0 vaddr=40375e3c size=0dab0h ( 55984) load[0m
[0;32mI (144) esp_image: segment 5: paddr=00047e78 vaddr=50000000 size=00020h (    32) load[0m
[0;32mI (151) boot: Loaded app from partition at offset 0x10000[0m
[0;32mI (151) boot: Disabling RNG early entropy source...[0m
[0;32mI (162) cpu_start: Multicore app[0m
[0;32mI (172) cpu_start: Pro cpu start user code[0m
[0;32mI (172) cpu_start: cpu freq: 160000000 Hz[0m
[0;32mI (172) app_init: Application information:[0m
[0;32mI (172) app_init: Project name:     Accelerometer[0m
[0;32mI (176) app_init: App version:      85934ec[0m
[0;32mI (180) app_init: Compile time:     Oct 14 2025 17:11:05[0m
[0;32mI (185) app_init: ELF file SHA256:  7de4f888e...[0m
[0;32mI (190) app_init: ESP-IDF:          v5.5.1[0m
[0;32mI (193) efuse_init: Min chip rev:     v0.0[0m
[0;32mI (197) efuse_init: Max chip rev:     v0.99 [0m
[0;32mI (201) efuse_init: Chip rev:         v0.2[0m
[0;32mI (205) heap_init: Initializing. RAM available for dynamic allocation:[0m
[0;32mI (211) heap_init: At 3FC96CF0 len 00052A20 (330 KiB): RAM[0m
[0;32mI (216) heap_init: At 3FCE9710 len 00005724 (21 KiB): RAM[0m
[0;32mI (222) heap_init: At 3FCF0000 len 00008000 (32 KiB): DRAM[0m
[0;32mI (227) heap_init: At 600FE000 len 00001FE8 (7 KiB): RTCRAM[0m
[0;32mI (233) spi_flash: detected chip: generic[0m
[0;32mI (236) spi_flash: flash io: dio[0m
[0;33mW (239) spi_flash: Detected size(8192k) larger than the size in the binary image header(2048k). Using the size in the binary image header.[0m
[0;33mW (251) i2c: This driver is an old driver, please migrate your application code to adapt `driver/i2c_master.h`[0m
[0;32mI (261) sleep_gpio: Configure to isolate all GPIO pins in sleep state[0m
[0;32mI (267) sleep_gpio: Enable automatic switching of GPIO sleep configuration[0m
[0;32mI (274) main_task: Started on CPU0[0m
[0;32mI (284) main_task: Calling app_main()[0m
[0;32mI (284) MAIN_APP: Initializing I2C...[0m
[0;32mI (284) MAIN_APP: Initializing LIS3DH...[0m
ESP_ERROR_CHECK failed: esp_err_t 0xffffffff (ESP_FAIL) at 0x42009116
file: "./main/i2c_basic_example_main.c" line 40
func: app_main
expression: lis3dh_init(I2C_MASTER_NUM)

abort() was called at PC 0x4037a62f on core 0


Backtrace: 0x4037a671:0x3fc99490 0x4037a639:0x3fc994b0 0x403811d9:0x3fc994d0 0x4037a62f:0x3fc99540 0x42009116:0x3fc99570 0x42019bd4:0x3fc995d0 0x4037b281:0x3fc99600




ELF file SHA256: 7de4f888e

Rebooting...
ESP-ROM:esp32s3-20210327
Build:Mar 27 2021
rst:0xc (RTC_SW_CPU_RST),boot:0x8 (SPI_FAST_FLASH_BOOT)
Saved PC:0x4037a7c0
SPIWP:0xee
mode:DIO, clock div:1
load:0x3fce2820,len:0x158c
load:0x403c8700,len:0xd24
load:0x403cb700,len:0x2f34
entry 0x403c8924
[0;32mI (29) boot: ESP-IDF v5.5.1 2nd stage bootloader[0m
[0;32mI (29) boot: compile time Oct 14 2025 17:27:36[0m
[0;32mI (29) boot: Multicore bootloader[0m
[0;32mI (29) boot: chip revision: v0.2[0m
[0;32mI (32) boot: efuse block revision: v1.3[0m
[0;32mI (36) boot.esp32s3: Boot SPI Speed : 80MHz[0m
[0;32mI (40) boot.esp32s3: SPI Mode       : DIO[0m
[0;32mI (43) boot.esp32s3: SPI Flash Size : 2MB[0m
[0;32mI (47) boot: Enabling RNG early entropy source...[0m
[0;32mI (52) boot: Partition Table:[0m
[0;32mI (54) boot: ## Label            Usage          Type ST Offset   Length[0m
[0;32mI (60) boot:  0 nvs              WiFi data        01 02 00009000 00006000[0m
[0;32mI (67) boot:  1 phy_init         RF data          01 01 0000f000 00001000[0m
[0;32mI (73) boot:  2 factory          factory app      00 00 00010000 00100000[0m
[0;32mI (80) boot: End of partition table[0m
[0;32mI (83) esp_image: segment 0: paddr=00010020 vaddr=3c020020 size=0b6a4h ( 46756) map[0m
[0;32mI (99) esp_image: segment 1: paddr=0001b6cc vaddr=3fc93900 size=02b08h ( 11016) load[0m
[0;32mI (102) esp_image: segment 2: paddr=0001e1dc vaddr=40374000 size=01e3ch (  7740) load[0m
[0;32mI (107) esp_image: segment 3: paddr=00020020 vaddr=42000020 size=1a398h (107416) map[0m
[0;32mI (132) esp_image: segment 4: paddr=0003a3c0 vaddr=40375e3c size=0dab0h ( 55984) load[0m
[0;32mI (144) esp_image: segment 5: paddr=00047e78 vaddr=50000000 size=00020h (    32) load[0m
[0;32mI (151) boot: Loaded app from partition at offset 0x10000[0m
[0;32mI (151) boot: Disabling RNG early entropy source...[0m
[0;32mI (162) cpu_start: Multicore app[0m
[0;32mI (172) cpu_start: Pro cpu start user code[0m
[0;32mI (172) cpu_start: cpu freq: 160000000 Hz[0m
[0;32mI (172) app_init: Application information:[0m
[0;32mI (172) app_init: Project name:     Accelerometer[0m
[0;32mI (176) app_init: App version:      85934ec[0m
[0;32mI (180) app_init: Compile time:     Oct 14 2025 17:11:05[0m
[0;32mI (185) app_init: ELF file SHA256:  7de4f888e...[0m
[0;32mI (190) app_init: ESP-IDF:          v5.5.1[0m
[0;32mI (193) efuse_init: Min chip rev:     v0.0[0m
[0;32mI (197) efuse_init: Max chip rev:     v0.99 [0m
[0;32mI (201) efuse_init: Chip rev:         v0.2[0m
[0;32mI (205) heap_init: Initializing. RAM available for dynamic allocation:[0m
[0;32mI (211) heap_init: At 3FC96CF0 len 00052A20 (330 KiB): RAM[0m
[0;32mI (216) heap_init: At 3FCE9710 len 00005724 (21 KiB): RAM[0m
[0;32mI (222) heap_init: At 3FCF0000 len 00008000 (32 KiB): DRAM[0m
[0;32mI (227) heap_init: At 600FE000 len 00001FE8 (7 KiB): RTCRAM[0m
[0;32mI (233) spi_flash: detected chip: generic[0m
[0;32mI (236) spi_flash: flash io: dio[0m
[0;33mW (239) spi_flash: Detected size(8192k) larger than the size in the binary image header(2048k). Using the size in the binary image header.[0m
[0;33mW (251) i2c: This driver is an old driver, please migrate your application code to adapt `driver/i2c_master.h`[0m
[0;32mI (261) sleep_gpio: Configure to isolate all GPIO pins in sleep state[0m
[0;32mI (267) sleep_gpio: Enable automatic switching of GPIO sleep configuration[0m
[0;32mI (274) main_task: Started on CPU0[0m
[0;32mI (284) main_task: Calling app_main()[0m
[0;32mI (284) MAIN_APP: Initializing I2C...[0m
[0;32mI (284) MAIN_APP: Initializing LIS3DH...[0m
ESP_ERROR_CHECK failed: esp_err_t 0xffffffff (ESP_FAIL) at 0x42009116
file: "./main/i2c_basic_example_main.c" line 40
func: app_main
expression: lis3dh_init(I2C_MASTER_NUM)

abort() was called at PC 0x4037a62f on core 0


Backtrace: 0x4037a671:0x3fc99490 0x4037a639:0x3fc994b0 0x403811d9:0x3fc994d0 0x4037a62f:0x3fc99540 0x42009116:0x3fc99570 0x42019bd4:0x3fc995d0 0x4037b281:0x3fc99600




ELF file SHA256: 7de4f888e

Rebooting...
ESP-ROM:esp32s3-20210327
Build:Mar 27 2021
rst:0xc (RTC_SW_CPU_RST),boot:0x8 (SPI_FAST_FLASH_BOOT)
Saved PC:0x4037a7c0
SPIWP:0xee
mode:DIO, clock div:1
load:0x3fce2820,len:0x158c
load:0x403c8700,len:0xd24
load:0x403cb700,len:0x2f34
entry 0x403c8924
[0;32mI (29) boot: ESP-IDF v5.5.1 2nd stage bootloader[0m
[0;32mI (29) boot: compile time Oct 14 2025 17:27:36[0m
[0;32mI (29) boot: Multicore bootloader[0m
[0;32mI (29) boot: chip revision: v0.2[0m
[0;32mI (32) boot: efuse block revision: v1.3[0m
[0;32mI (36) boot.esp32s3: Boot SPI Speed : 80MHz[0m
[0;32mI (40) boot.esp32s3: SPI Mode       : DIO[0m
[0;32mI (43) boot.esp32s3: SPI Flash Size : 2MB[0m
[0;32mI (47) boot: Enabling RNG early entropy source...[0m
[0;32mI (52) boot: Partition Table:[0m
[0;32mI (54) boot: ## Label            Usage          Type ST Offset   Length[0m
[0;32mI (60) boot:  0 nvs              WiFi data        01 02 00009000 00006000[0m
[0;32mI (67) boot:  1 phy_init         RF data          01 01 0000f000 00001000[0m
[0;32mI (73) boot:  2 factory          factory app      00 00 00010000 00100000[0m
[0;32mI (80) boot: End of partition table[0m
[0;32mI (83) esp_image: segment 0: paddr=00010020 vaddr=3c020020 size=0b6a4h ( 46756) map[0m
[0;32mI (99) esp_image: segment 1: paddr=0001b6cc vaddr=3fc93900 size=02b08h ( 11016) load[0m
[0;32mI (102) esp_image: segment 2: paddr=0001e1dc vaddr=40374000 size=01e3ch (  7740) load[0m
[0;32mI (107) esp_image: segment 3: paddr=00020020 vaddr=42000020 size=1a398h (107416) map[0m
[0;32mI (132) esp_image: segment 4: paddr=0003a3c0 vaddr=40375e3c size=0dab0h ( 55984) load[0m
[0;32mI (144) esp_image: segment 5: paddr=00047e78 vaddr=50000000 size=00020h (    32) load[0m
[0;32mI (151) boot: Loaded app from partition at offset 0x10000[0m
[0;32mI (151) boot: Disabling RNG early entropy source...[0m
[0;32mI (162) cpu_start: Multicore app[0m
[0;32mI (172) cpu_start: Pro cpu start user code[0m
[0;32mI (172) cpu_start: cpu freq: 160000000 Hz[0m
[0;32mI (172) app_init: Application information:[0m
[0;32mI (172) app_init: Project name:     Accelerometer[0m
[0;32mI (176) app_init: App version:      85934ec[0m
[0;32mI (180) app_init: Compile time:     Oct 14 2025 17:11:05[0m
[0;32mI (185) app_init: ELF file SHA256:  7de4f888e...[0m
[0;32mI (190) app_init: ESP-IDF:          v5.5.1[0m
[0;32mI (193) efuse_init: Min chip rev:     v0.0[0m
[0;32mI (197) efuse_init: Max chip rev:     v0.99 [0m
[0;32mI (201) efuse_init: Chip rev:         v0.2[0m
[0;32mI (205) heap_init: Initializing. RAM available for dynamic allocation:[0m
[0;32mI (211) heap_init: At 3FC96CF0 len 00052A20 (330 KiB): RAM[0m
[0;32mI (216) heap_init: At 3FCE9710 len 00005724 (21 KiB): RAM[0m
[0;32mI (222) heap_init: At 3FCF0000 len 00008000 (32 KiB): DRAM[0m
[0;32mI (227) heap_init: At 600FE000 len 00001FE8 (7 KiB): RTCRAM[0m
[0;32mI (233) spi_flash: detected chip: generic[0m
[0;32mI (236) spi_flash: flash io: dio[0m
[0;33mW (239) spi_flash: Detected size(8192k) larger than the size in the binary image header(2048k). Using the size in the binary image header.[0m
[0;33mW (251) i2c: This driver is an old driver, please migrate your application code to adapt `driver/i2c_master.h`[0m
[0;32mI (261) sleep_gpio: Configure to isolate all GPIO pins in sleep state[0m
[0;32mI (267) sleep_gpio: Enable automatic switching of GPIO sleep configuration[0m
[0;32mI (274) main_task: Started on CPU0[0m
[0;32mI (284) main_task: Calling app_main()[0m
[0;32mI (284) MAIN_APP: Initializing I2C...[0m
[0;32mI (284) MAIN_APP: Initializing LIS3DH...[0m
ESP_ERROR_CHECK failed: esp_err_t 0xffffffff (ESP_FAIL) at 0x42009116
file: "./main/i2c_basic_example_main.c" line 40
func: app_main
expression: lis3dh_init(I2C_MASTER_NUM)

abort() was called at PC 0x4037a62f on core 0


Backtrace: 0x4037a671:0x3fc99490 0x4037a639:0x3fc994b0 0x403811d9:0x3fc994d0 0x4037a62f:0x3fc99540 0x42009116:0x3fc99570 0x42019bd4:0x3fc995d0 0x4037b281:0x3fc99600




ELF file SHA256: 7de4f888e

Rebooting...
ESP-ROM:esp32s3-20210327
Build:Mar 27 2021
rst:0xc (RTC_SW_CPU_RST),boot:0x8 (SPI_FAST_FLASH_BOOT)
Saved PC:0x4037a7c0
SPIWP:0xee
mode:DIO, clock div:1
load:0x3fce2820,len:0x158c
load:0x403c8700,len:0xd24
load:0x403cb700,len:0x2f34
entry 0x403c8924
[0;32mI (29) boot: ESP-IDF v5.5.1 2nd stage bootloader[0m
[0;32mI (29) boot: compile time Oct 14 2025 17:27:36[0m
[0;32mI (29) boot: Multicore bootloader[0m
[0;32mI (29) boot: chip revision: v0.2[0m
[0;32mI (32) boot: efuse block revision: v1.3[0m
[0;32mI (36) boot.esp32s3: Boot SPI Speed : 80MHz[0m
[0;32mI (40) boot.esp32s3: SPI Mode       : DIO[0m
[0;32mI (43) boot.esp32s3: SPI Flash Size : 2MB[0m
[0;32mI (47) boot: Enabling RNG early entropy source...[0m
[0;32mI (52) boot: Partition Table:[0m
[0;32mI (54) boot: ## Label            Usage          Type ST Offset   Length[0m
[0;32mI (60) boot:  0 nvs              WiFi data        01 02 00009000 00006000[0m
[0;32mI (67) boot:  1 phy_init         RF data          01 01 0000f000 00001000[0m
